[www.winkomputer.com/index.html]
[backblue.gif]
[fade.gif]
[index.html]
[www.winkomputer.com/images/Logo.png]
[www.winkomputer.com/style.css]
[www.winkomputer.com/s3Slider.css]
[www.winkomputer.com/js/s3Slider.js]
[www.google.com/recaptcha/api.js]
[www.winkomputer.com/js/jquery.js]
[www.winkomputer.com/about.html]
[www.winkomputer.com/index-2.html]
[www.winkomputer.com/howto.html]
[www.winkomputer.com/konfirmasi.html]
[www.winkomputer.com/price-list84c5.html]
[www.winkomputer.com/price-liste142.html]
[www.winkomputer.com/price-list27ca.html]
[www.winkomputer.com/price-lista0b2.html]
[www.winkomputer.com/simulasi.html]
[www.winkomputer.com/price-listd577.html]
[www.winkomputer.com/price-list9932.html]
[www.winkomputer.com/price-liste800.html]
[www.winkomputer.com/price-listd5ea.html]
[www.winkomputer.com/price-list6925.html]
[www.winkomputer.com/price-list0fac.html]
[www.winkomputer.com/price-listf91c.html]
[www.winkomputer.com/price-list14b0.html]
[www.winkomputer.com/price-listb3c8.html]
[www.winkomputer.com/price-lista039.html]
[www.winkomputer.com/price-list4c11.html]
[www.winkomputer.com/price-lista198.html]
[www.winkomputer.com/price-list1976.html]
[www.winkomputer.com/price-list1cae.html]
[www.winkomputer.com/price-list80df.html]
[www.winkomputer.com/price-list283d.html]
[www.winkomputer.com/price-list4150.html]
[www.winkomputer.com/price-list9e44.html]
[www.winkomputer.com/price-list0406.html]
[www.winkomputer.com/price-listbf07.html]
[www.winkomputer.com/price-list7e60.html]
[www.winkomputer.com/price-listd6b8.html]
[www.winkomputer.com/price-listee8e.html]
[www.winkomputer.com/images/icon-phone.png]
[www.winkomputer.com/images/icon-sms.png]
[www.winkomputer.com/images/icon-email.png]
[www.winkomputer.com/images/promo1.jpg]
[www.winkomputer.com/images/pf-slide-01.png]
[www.winkomputer.com/images/pf-slide-02.png]
[www.winkomputer.com/images/pf-slide-03.png]
[www.winkomputer.com/images/pf-slide-04.png]
[www.winkomputer.com/images/pf-slide-05.png]
[www.winkomputer.com/index.html]
[www.winkomputer.com/caviardreams_bold-webfont.eot]
[www.winkomputer.com/caviardreams_bold-webfont.woff]
[www.winkomputer.com/caviardreams_bold-webfontd41d.eot]
[www.winkomputer.com/caviardreams_bold-webfont.ttf]
[www.winkomputer.com/caviardreams_bold-webfont.svg]
[www.winkomputer.com/images/bottom.png]
[www.winkomputer.com/images/logo-bg.png]
[www.winkomputer.com/images/logo-bg-middle.png]
[www.winkomputer.com/images/logo-bg-bottom.png]
[www.winkomputer.com/images/banner-header.png]
[www.winkomputer.com/images/check.gif]
[www.winkomputer.com/images/bca.jpg]
[www.winkomputer.com/style.css]
[www.winkomputer.com/s3Slider.css]
[www.winkomputer.com/index-2.html]
[www.winkomputer.com/images/icon-bbm.png]
[www.winkomputer.com/about.html]
[www.winkomputer.com/howto.html]
[www.winkomputer.com/printd41d.html]
[www.winkomputer.com/simulasi.html]
[www.winkomputer.com/function.date]
[www.winkomputer.com/konfirmasi.html]
[www.winkomputer.com/price-list84c5.html]
[www.winkomputer.com/price-list4296.html]
[www.winkomputer.com/price-liste142.html]
[www.winkomputer.com/price-list96ca.html]
[www.winkomputer.com/price-list27ca.html]
[www.winkomputer.com/price-listd4d7.html]
[www.winkomputer.com/price-lista0b2.html]
[www.winkomputer.com/price-listf75b.html]
[www.winkomputer.com/price-listd577.html]
[www.winkomputer.com/price-list3254.html]
[www.winkomputer.com/price-list9932.html]
[www.winkomputer.com/price-list478e.html]
[www.winkomputer.com/price-liste800.html]
[www.winkomputer.com/price-list22c7.html]
[www.winkomputer.com/price-listd5ea.html]
[www.winkomputer.com/price-list7d49.html]
[www.winkomputer.com/price-list4e53.html]
[www.winkomputer.com/price-list6925.html]
[www.winkomputer.com/price-list8b31.html]
[www.winkomputer.com/price-list0fac.html]
[www.winkomputer.com/price-listf91c.html]
[www.winkomputer.com/price-list112a.html]
[www.winkomputer.com/price-list14b0.html]
[www.winkomputer.com/price-list0267.html]
[www.winkomputer.com/price-listb3c8.html]
[www.winkomputer.com/price-lista039.html]
[www.winkomputer.com/price-list53a5.html]
[www.winkomputer.com/price-list3e1a.html]
[www.winkomputer.com/price-liste02e.html]
[www.winkomputer.com/price-list4c11.html]
[www.winkomputer.com/price-lista198.html]
[www.winkomputer.com/price-listce6a.html]
[www.winkomputer.com/price-list1976.html]
[www.winkomputer.com/price-list1cae.html]
[www.winkomputer.com/price-list3253.html]
[www.winkomputer.com/price-list80df.html]
[www.winkomputer.com/price-listb2f3.html]
[www.winkomputer.com/price-list283d.html]
[www.winkomputer.com/price-list18bc.html]
[www.winkomputer.com/price-list331b.html]
[www.winkomputer.com/price-list9e44.html]
[www.winkomputer.com/price-listc81a.html]
[www.winkomputer.com/price-list58b4.html]
[www.winkomputer.com/price-list4150.html]
[www.winkomputer.com/price-list0406.html]
[www.winkomputer.com/price-list1ffd.html]
[www.winkomputer.com/price-listbf07.html]
[www.winkomputer.com/price-list0ca5.html]
[www.winkomputer.com/price-list74bb.html]
[www.winkomputer.com/price-list7e60.html]
[www.winkomputer.com/price-listd6b8.html]
[www.winkomputer.com/price-listb28b.html]
[www.winkomputer.com/price-listee8e.html]
[www.winkomputer.com/caviardreams_bold-webfont.svg]
[www.winkomputer.com/price-list1c8e.html]
[www.winkomputer.com/images/pf-slide-02.png]
[www.winkomputer.com/www.jizzo.info]
[www.winkomputer.com/printd41d.html]
[www.winkomputer.com/function.html]
[www.winkomputer.com/price-list4296.html]
[www.winkomputer.com/price-list96ca.html]
[www.winkomputer.com/price-listd4d7.html]
[www.winkomputer.com/price-listf75b.html]
[www.winkomputer.com/price-list3254.html]
[www.winkomputer.com/price-list478e.html]
[www.winkomputer.com/price-list22c7.html]
[www.winkomputer.com/price-list7d49.html]
[www.winkomputer.com/price-list4e53.html]
[www.winkomputer.com/price-list8b31.html]
[www.winkomputer.com/price-list0267.html]
[www.winkomputer.com/price-list112a.html]
[www.winkomputer.com/price-list53a5.html]
[www.winkomputer.com/price-list3e1a.html]
[www.winkomputer.com/price-liste02e.html]
[www.winkomputer.com/price-listce6a.html]
[www.winkomputer.com/price-list3253.html]
[www.winkomputer.com/price-listb2f3.html]
[www.winkomputer.com/price-list18bc.html]
[www.winkomputer.com/price-list331b.html]
[www.winkomputer.com/price-list58b4.html]
[www.winkomputer.com/price-listc81a.html]
[www.winkomputer.com/price-list1ffd.html]
[www.winkomputer.com/price-list0ca5.html]
[www.winkomputer.com/price-list74bb.html]
[www.winkomputer.com/price-listb28b.html]
[www.winkomputer.com/price-list1c8e.html]
[www.winkomputer.com/www.jizzo.html]
